exports[`The Image Gallery React App Renders ths app 1`] = `
<div>
  <SelectorButtons
    setView={[Function]} />
  <SelectView
    view="thumb" />
</div>
`;
