exports[`The Image Gallery React App compares a snapshot of the Gallery view 1`] = `undefined`;
