exports[`The Image Gallery React App compares a snapshot of the List view 1`] = `undefined`;
