exports[`The Image Gallery React App compares a snapshot of the Thumb view 1`] = `undefined`;
